2025/08/04 13:38:30 Configuration loaded successfully.
2025/08/04 13:38:30 JWT configured successfully.
2025/08/04 13:38:30 Database migrations completed successfully.
2025/08/04 13:38:30 Database connection successful.
[GIN-debug] [WARNING] Creating an Engine instance with the Logger and Recovery middleware already attached.

[GIN-debug] [WARNING] Running in "debug" mode. Switch to "release" mode in production.
 - using env:	export GIN_MODE=release
 - using code:	gin.SetMode(gin.ReleaseMode)

[GIN-debug] POST   /api/v1/auth/login        --> iam-saas/internal/handler.(*UserHandler).Login-fm (4 handlers)
[GIN-debug] POST   /api/v1/auth/signup       --> iam-saas/internal/handler.(*UserHandler).TenantAdminSignup-fm (4 handlers)
[GIN-debug] POST   /api/v1/auth/verify-email --> iam-saas/internal/handler.(*UserHandler).VerifyEmailToken-fm (4 handlers)
[GIN-debug] POST   /api/v1/auth/resend-verification --> iam-saas/internal/handler.(*UserHandler).ResendVerification-fm (4 handlers)
[GIN-debug] POST   /api/v1/auth/refresh-token --> iam-saas/internal/handler.(*UserHandler).RefreshToken-fm (4 handlers)
[GIN-debug] POST   /api/v1/auth/forgot-password --> iam-saas/internal/handler.(*UserHandler).ForgotPassword-fm (4 handlers)
[GIN-debug] POST   /api/v1/auth/reset-password --> iam-saas/internal/handler.(*UserHandler).ResetPassword-fm (4 handlers)
[GIN-debug] POST   /api/v1/public/login      --> iam-saas/internal/handler.(*UserHandler).Login-fm (4 handlers)
[GIN-debug] POST   /api/v1/public/register   --> iam-saas/internal/handler.(*UserHandler).Register-fm (4 handlers)
[GIN-debug] POST   /api/v1/public/refresh-token --> iam-saas/internal/handler.(*UserHandler).RefreshToken-fm (4 handlers)
[GIN-debug] POST   /api/v1/public/forgot-password --> iam-saas/internal/handler.(*UserHandler).ForgotPassword-fm (4 handlers)
[GIN-debug] POST   /api/v1/public/reset-password --> iam-saas/internal/handler.(*UserHandler).ResetPassword-fm (4 handlers)
[GIN-debug] POST   /api/v1/public/verify-email --> iam-saas/internal/handler.(*UserHandler).VerifyEmail-fm (4 handlers)
[GIN-debug] POST   /api/v1/public/accept-invitation --> iam-saas/internal/handler.(*UserHandler).AcceptInvitation-fm (4 handlers)
[GIN-debug] GET    /api/v1/public/tenants/by-domain --> iam-saas/internal/handler.(*TenantHandler).GetTenantDetails-fm (4 handlers)
[GIN-debug] GET    /api/v1/protected/users/me --> iam-saas/internal/handler.(*UserHandler).GetMe-fm (6 handlers)
[GIN-debug] POST   /api/v1/protected/users/invite --> iam-saas/internal/handler.(*UserHandler).InviteUser-fm (6 handlers)
[GIN-debug] GET    /api/v1/protected/users   --> iam-saas/internal/handler.(*UserHandler).ListUsers-fm (6 handlers)
[GIN-debug] GET    /api/v1/protected/users/:id --> iam-saas/internal/handler.(*UserHandler).GetUser-fm (6 handlers)
[GIN-debug] PUT    /api/v1/protected/users/me --> iam-saas/internal/handler.(*UserHandler).UpdateMe-fm (6 handlers)
[GIN-debug] DELETE /api/v1/protected/users/:id --> iam-saas/internal/handler.(*UserHandler).DeleteUser-fm (6 handlers)
[GIN-debug] GET    /api/v1/protected/roles   --> iam-saas/internal/handler.(*RoleHandler).ListRoles-fm (6 handlers)
[GIN-debug] POST   /api/v1/protected/roles   --> iam-saas/internal/handler.(*RoleHandler).CreateRole-fm (6 handlers)
[GIN-debug] GET    /api/v1/protected/roles/:id --> iam-saas/internal/handler.(*RoleHandler).GetRole-fm (6 handlers)
[GIN-debug] PUT    /api/v1/protected/roles/:id --> iam-saas/internal/handler.(*RoleHandler).UpdateRole-fm (6 handlers)
[GIN-debug] DELETE /api/v1/protected/roles/:id --> iam-saas/internal/handler.(*RoleHandler).DeleteRole-fm (6 handlers)
[GIN-debug] GET    /api/v1/protected/tenants/current --> iam-saas/internal/handler.(*TenantHandler).GetCurrentTenant-fm (6 handlers)
[GIN-debug] PUT    /api/v1/protected/tenants/current --> iam-saas/internal/handler.(*TenantHandler).UpdateCurrentTenant-fm (6 handlers)
[GIN-debug] GET    /api/v1/protected/tenant/onboarding-status --> iam-saas/internal/handler.(*TenantHandler).GetOnboardingStatus-fm (6 handlers)
[GIN-debug] PUT    /api/v1/protected/tenant/branding --> iam-saas/internal/handler.(*TenantHandler).UpdateTenantBrandingOnboarding-fm (6 handlers)
[GIN-debug] PUT    /api/v1/protected/tenant/settings --> iam-saas/internal/handler.(*TenantHandler).UpdateTenantSettings-fm (6 handlers)
[GIN-debug] POST   /api/v1/protected/tenant/complete-onboarding --> iam-saas/internal/handler.(*TenantHandler).CompleteOnboarding-fm (6 handlers)
[GIN-debug] GET    /api/v1/protected/plans   --> iam-saas/internal/handler.(*PlanHandler).ListPlans-fm (6 handlers)
[GIN-debug] GET    /api/v1/protected/requests/tenant --> iam-saas/internal/handler.(*RequestHandler).ListTenantRequests-fm (6 handlers)
[GIN-debug] GET    /api/v1/protected/requests/quota --> iam-saas/internal/handler.(*RequestHandler).ListQuotaRequests-fm (6 handlers)
[GIN-debug] PUT    /api/v1/protected/requests/:id/approve --> iam-saas/internal/handler.(*RequestHandler).ApproveRequest-fm (6 handlers)
[GIN-debug] PUT    /api/v1/protected/requests/:id/reject --> iam-saas/internal/handler.(*RequestHandler).DenyRequest-fm (6 handlers)
[GIN-debug] GET    /api/v1/protected/policies --> iam-saas/internal/handler.(*PolicyHandler).ListPolicies-fm (6 handlers)
[GIN-debug] POST   /api/v1/protected/policies --> iam-saas/internal/handler.(*PolicyHandler).CreatePolicy-fm (6 handlers)
[GIN-debug] GET    /api/v1/protected/policies/:id --> iam-saas/internal/handler.(*PolicyHandler).GetPolicy-fm (6 handlers)
[GIN-debug] PUT    /api/v1/protected/policies/:id --> iam-saas/internal/handler.(*PolicyHandler).UpdatePolicy-fm (6 handlers)
[GIN-debug] DELETE /api/v1/protected/policies/:id --> iam-saas/internal/handler.(*PolicyHandler).DeletePolicy-fm (6 handlers)
[GIN-debug] GET    /api/v1/protected/sso     --> iam-saas/internal/handler.(*SsoHandler).GetSsoConfig-fm (6 handlers)
[GIN-debug] PUT    /api/v1/protected/sso     --> iam-saas/internal/handler.(*SsoHandler).UpdateSsoConfig-fm (6 handlers)
[GIN-debug] DELETE /api/v1/protected/sso     --> iam-saas/internal/handler.(*SsoHandler).DeleteSsoConfig-fm (6 handlers)
[GIN-debug] GET    /api/v1/protected/access-keys --> iam-saas/internal/handler.(*AccessKeyHandler).ListAccessKeyGroups-fm (6 handlers)
[GIN-debug] POST   /api/v1/protected/access-keys --> iam-saas/internal/handler.(*AccessKeyHandler).CreateAccessKey-fm (6 handlers)
[GIN-debug] DELETE /api/v1/protected/access-keys/:id --> iam-saas/internal/handler.(*AccessKeyHandler).DeleteAccessKey-fm (6 handlers)
[GIN-debug] GET    /api/v1/protected/webhooks --> iam-saas/internal/handler.(*WebhookHandler).ListWebhooks-fm (6 handlers)
[GIN-debug] POST   /api/v1/protected/webhooks --> iam-saas/internal/handler.(*WebhookHandler).CreateWebhook-fm (6 handlers)
[GIN-debug] GET    /api/v1/protected/webhooks/:id --> iam-saas/internal/handler.(*WebhookHandler).GetWebhook-fm (6 handlers)
[GIN-debug] PUT    /api/v1/protected/webhooks/:id --> iam-saas/internal/handler.(*WebhookHandler).UpdateWebhook-fm (6 handlers)
[GIN-debug] DELETE /api/v1/protected/webhooks/:id --> iam-saas/internal/handler.(*WebhookHandler).DeleteWebhook-fm (6 handlers)
[GIN-debug] GET    /api/v1/protected/tickets --> iam-saas/internal/handler.(*TicketHandler).ListTickets-fm (6 handlers)
[GIN-debug] POST   /api/v1/protected/tickets --> iam-saas/internal/handler.(*TicketHandler).CreateTicket-fm (6 handlers)
[GIN-debug] GET    /api/v1/protected/tickets/:id --> iam-saas/internal/handler.(*TicketHandler).GetTicket-fm (6 handlers)
[GIN-debug] POST   /api/v1/protected/tickets/:id/replies --> iam-saas/internal/handler.(*TicketHandler).ReplyToTicket-fm (6 handlers)
[GIN-debug] GET    /api/v1/protected/audit-logs --> iam-saas/internal/handler.(*AuditLogHandler).ListAuditLogs-fm (6 handlers)
[GIN-debug] GET    /api/v1/protected/subscriptions --> iam-saas/internal/handler.(*SubscriptionHandler).GetSubscription-fm (6 handlers)
[GIN-debug] GET    /api/v1/protected/alerts  --> iam-saas/internal/handler.(*AlertHandler).ListAlerts-fm (6 handlers)
[GIN-debug] PUT    /api/v1/protected/alerts/:id/acknowledge --> iam-saas/internal/handler.(*AlertHandler).UpdateAlertStatus-fm (6 handlers)
[GIN-debug] GET    /api/v1/protected/integrations --> iam-saas/internal/handler.(*IntegrationHandler).ListIntegrations-fm (6 handlers)
[GIN-debug] GET    /api/v1/protected/integrations/:id --> iam-saas/internal/handler.(*IntegrationHandler).GetIntegration-fm (6 handlers)
[GIN-debug] PUT    /api/v1/protected/integrations/:id --> iam-saas/internal/handler.(*IntegrationHandler).UpdateIntegrationStatus-fm (6 handlers)
[GIN-debug] GET    /api/v1/protected/service-roles --> iam-saas/internal/handler.(*ServiceRoleHandler).ListServiceRoles-fm (6 handlers)
[GIN-debug] POST   /api/v1/protected/service-roles --> iam-saas/internal/handler.(*ServiceRoleHandler).CreateServiceRole-fm (6 handlers)
[GIN-debug] GET    /api/v1/protected/service-roles/:id --> iam-saas/internal/handler.(*ServiceRoleHandler).GetServiceRole-fm (6 handlers)
[GIN-debug] PUT    /api/v1/protected/service-roles/:id --> iam-saas/internal/handler.(*ServiceRoleHandler).UpdateServiceRole-fm (6 handlers)
[GIN-debug] DELETE /api/v1/protected/service-roles/:id --> iam-saas/internal/handler.(*ServiceRoleHandler).DeleteServiceRole-fm (6 handlers)
[GIN-debug] GET    /api/v1/protected/sessions --> iam-saas/internal/handler.(*SessionHandler).ListSessions-fm (6 handlers)
[GIN-debug] DELETE /api/v1/protected/sessions/:id --> iam-saas/internal/handler.(*SessionHandler).RevokeSession-fm (6 handlers)
[GIN-debug] GET    /api/v1/sa/tenants        --> iam-saas/internal/handler.(*TenantHandler).ListTenants-fm (6 handlers)
[GIN-debug] POST   /api/v1/sa/tenants        --> iam-saas/internal/handler.(*TenantHandler).CreateTenant-fm (6 handlers)
[GIN-debug] GET    /api/v1/sa/tenants/:id    --> iam-saas/internal/handler.(*TenantHandler).GetTenantDetails-fm (6 handlers)
[GIN-debug] PUT    /api/v1/sa/tenants/:id    --> iam-saas/internal/handler.(*TenantHandler).UpdateTenant-fm (6 handlers)
[GIN-debug] DELETE /api/v1/sa/tenants/:id    --> iam-saas/internal/handler.(*TenantHandler).DeleteTenant-fm (6 handlers)
[GIN-debug] POST   /api/v1/sa/plans          --> iam-saas/internal/handler.(*PlanHandler).CreatePlan-fm (6 handlers)
[GIN-debug] PUT    /api/v1/sa/plans/:id      --> iam-saas/internal/handler.(*PlanHandler).UpdatePlan-fm (6 handlers)
[GIN-debug] DELETE /api/v1/sa/plans/:id      --> iam-saas/internal/handler.(*PlanHandler).DeletePlan-fm (6 handlers)
[GIN-debug] GET    /api/v1/iam/:tenant_path/oauth/authorize --> iam-saas/internal/handler.(*UserHandler).AuthorizeEndpoint-fm (5 handlers)
[GIN-debug] POST   /api/v1/iam/:tenant_path/oauth/token --> iam-saas/internal/handler.(*UserHandler).TokenEndpoint-fm (5 handlers)
[GIN-debug] GET    /api/v1/iam/:tenant_path/oauth/userinfo --> iam-saas/internal/handler.(*UserHandler).UserinfoEndpoint-fm (5 handlers)
[GIN-debug] GET    /api/v1/iam/:tenant_path/oauth/.well-known/openid_configuration --> iam-saas/internal/handler.(*UserHandler).OpenIDConfiguration-fm (5 handlers)
[GIN-debug] GET    /api/v1/iam/:tenant_path/oauth/jwks --> iam-saas/internal/handler.(*UserHandler).JWKSEndpoint-fm (5 handlers)
[GIN-debug] POST   /api/v1/iam/:tenant_path/auth/login --> iam-saas/internal/handler.(*UserHandler).TenantLogin-fm (5 handlers)
[GIN-debug] POST   /api/v1/iam/:tenant_path/auth/signup --> iam-saas/internal/handler.(*UserHandler).TenantSignup-fm (5 handlers)
[GIN-debug] GET    /api/v1/iam/:tenant_path/public/config --> iam-saas/internal/handler.(*TenantHandler).GetTenantPublicConfig-fm (5 handlers)
[GIN-debug] GET    /api/v1/iam/:tenant_path/public/policies --> iam-saas/internal/handler.(*TenantHandler).GetTenantPolicies-fm (5 handlers)
2025/08/04 13:38:30 Dependencies built and API router initialized.
2025/08/04 13:38:30 Starting server on http://localhost:8080
[GIN-debug] [WARNING] You trusted all proxies, this is NOT safe. We recommend you to set a value.
Please check https://pkg.go.dev/github.com/gin-gonic/gin#readme-don-t-trust-all-proxies for details.
[GIN-debug] Listening and serving HTTP on :8080
2025/08/04 13:40:16 Shutting down server...
2025/08/04 13:40:21 Server exited
